walter extra is a german award-winning aerobatic pilot , chief aircraft designer and founder of extra flugzeugbau -lrb- extra aircraft construction -rrb- , a manufacturer of aerobatic aircraft .
aaron hohlbein -lrb- born august 16 , 1985 in middleton , wisconsin -rrb- is an american soccer player who is currently without a club .
majda vrhovnik -lrb- nom de guerre lojzka -rrb- -lrb- 14 april 1922 -- 4 may 1945 -rrb- was a slovene communist and medical student .
linda hayden -lrb- born 19 january 1953 -rrb- is an english film and television actress and the sister of actress jane hayden .
craig starcevich -lrb- born 16 may 1967 -rrb- is a former australian rules footballer who played in the vfl/afl .
joseph dorville `` joe '' walter -lrb- 16 august 1895 -- 23 may 1995 -rrb- was a professional footballer , who played for bristol rovers , huddersfield town , taunton united and bath city .
ma leilei -lrb- ; born march 22 , 1989 in tianjin -rrb- is a chinese football player who currently plays for tianjin teda in the chinese super league .
henrik gulden -lrb- born 29 december 1995 -rrb- is a norwegian footballer who plays as a midfielder .
tony steratore has been an american football official in the national football league -lrb- nfl -rrb- since the 2000 nfl season , who wears uniform number 112 .
john peter featherston -lrb- november 28 , 1830 -- 1917 -rrb- was the mayor of ottawa , ontario , canada , from 1874 to 1875 .
larisa grigorievna matros -lrb- -rrb- is a sociologist , philosopher , writer , literary critic , and poet .
amritsar govindsingh kripal singh -lrb- 6 august 1933 , madras -- 22 july 1987 , madras -rrb- was an indian test cricketer .
jon tester -lrb- born august 21 , 1956 -rrb- is the senior united states senator from montana , serving since 2007 .
john `` jack '' mccall -lrb- ; 1852 or 1853 -- march 3 , 1877 -rrb- , also known as `` crooked nose jack '' or `` broken nose jack '' , was the murderer of old west legend wild bill hickok , shooting him from behind while he played poker at nuttal & mann 's saloon in deadwood , dakota territory on august 2 , 1876 .
holger wehlage -lrb- born july 3 , 1976 in meppen -rrb- is a former german football player who last played for bsv Ölper 2000 .
christian tshimanga kabeya -lrb- born 16 june 1987 -rrb- is a belgian footballer , who currently plays for heath hayes f.c. .
hussain dawood -lrb- -rrb- -lrb- born 1943 -rrb- is a pakistani industrialist , educationist and philanthropist , with origins from bantva , gujarat in western india .
italo mus -lrb- 4 april 1892 -- 15 may 1967 -rrb- was an italian painter .
mausami gurung , -lrb- -rrb- is a singer , song-writer of nepal .
james alfred ` jimmy ' moody -lrb- 27 february 1941 , looe , cornwall - 1 june 1993 , hackney , london -rrb- was an english gangster and hitman whose career spanned more than four decades and included run-ins with jack spot , billy hill , `` mad '' frankie fraser , the krays , the richardsons and the provisional ira .
craig harold paquette -lrb- ; born march 28 , 1969 -rrb- , is a former professional baseball player who played third base in the major leagues from 1993-2003 .
roger staub -lrb- 1 july 1936 -- 30 june 1974 -rrb- was an alpine ski racer and olympic gold medalist from switzerland .
herbert `` herbie '' kronowitz , originally theodore `` ted '' kronowitz -lrb- september , 1923 -- november 9 , 2012 -rrb- , was an american middleweight boxer who fought in the ring from 1941 to 1950 .
arthur arnould -lrb- 17 april 1833 , dieuze - 26 november 1895 -rrb- was a french writer , and journalist .
emanuelis zingeris -lrb- born july 16 , 1957 in kaunas , lithuania -rrb- is a lithuanian philologist , museum director , politician , signatory of the 1990 act of the re-establishment of the state of lithuania , currently serving as a member of the seimas -lrb- 1990 -- 2000 and since 2004 -rrb- , chairman of its foreign affairs committee -lrb- since 2010 -rrb- , vice president of the parliamentary assembly of the council of europe -lrb- since 2009 -rrb- and president of the parliamentary forum of the community of democracies -lrb- since 2010 -rrb- .
piet van zyl -lrb- born 14 may 1979 -rrb- is a namibian rugby union player who captained the boland cavaliers in south africa at provincial level , and played for the at international level .
dinara mubinovna safina -lrb- ; , born april 27 , 1986 in moscow -rrb- is a former world no. 1 tatar born-russian professional tennis player .
ward m. williams -lrb- june 26 , 1923 -- december 17 , 2005 -rrb- was an american professional basketball player .
robert carrier -lrb- born june 3 , 1941 in montreal , quebec -rrb- is a canadian politician , a bloc québécois member of the canadian house of commons .
eddio victorino inostroza ibacache -lrb- born 3 september 1946 -rrb- is a chilean former footballer and manager .
jean-marie le pen -lrb- ; born 20 june 1928 -rrb- is a french politician who led the national front party from its foundation in 1972 until 2011 .
carlene m. walker is an american politician and businesswoman from utah .
miyagino nishikinosuke -lrb- 宮城野 錦之助 , 1744 - july 18 , 1798 -rrb- was a japanese sumo wrestler .
ernest erbstein , `` hungarian : erbstein ernő '' , -lrb- 13 may 1898 - 4 may 1949 -rrb- commonly known as ernest egri-erbstein was a jewish-hungarian football player and later manager from nagyvárad ; now known as oradea in romania .
presley thornton -lrb- 1721 - december 8 , 1769 -rrb- was a planter and public official in colonial virginia .
james donald walsh -lrb- born 1946 -rrb- is an american diplomat and foreign service officer .
george `` tod '' collins -lrb- 30 january 1876 -- 24 august 1942 -rrb- was an australian rules footballer who played with essendon in the victorian football league -lrb- vfl -rrb- .
roman neustädter -lrb- born 18 february 1988 -rrb- is an ukrainian-born german professional footballer who plays as a defensive midfielder for fc schalke 04 .
llewellyn heycock , baron heycock cbe -lrb- 12 august 1905 -- 13 march 1990 -rrb- was a welsh local politician , who became a life peer in 1967 .
kia mcneill -lrb- born may 15 , 1986 -rrb- was an american professional soccer defender who played for the boston breakers in the nwsl .
james ruse -lrb- 9 august 1759/17605 september 1837 -rrb- was a cornish farmer who , at the age of 23 , was convicted of breaking and entering and was sentenced to seven years ' transportation to australia .
james blanding sloan -lrb- september 19 , 1886 -- october 5 , 1975 -rrb- , also known as blanding sloan , was an american illustrator , engraver , set designer and painter .
timmy fleming -lrb- born 1969 in killorglin , county kerry -rrb- is an irish former sportsman .
orestes lópez valdés -lrb- august 29 , 1908 -- january 26 , 1991 -rrb- , nicknamed macho , was a cuban multi-instrumentalist , composer and bandleader , founder of the orquesta sinfónica nacional de cuba .
john green -lrb- 1881 -- 1968 -rrb- was a rugby union international who represented england from 1905 to 1907 .
heddy honigmann -lrb- 1951 -rrb- is a peruvian-born dutch director of fictional and documentary films .
vester pegg -lrb- may 23 , 1889 -- february 19 , 1951 -rrb- was an american actor of the silent film era .
daniel guérard -lrb- born april 9 , 1974 -rrb- is a canadian retired professional ice hockey player .
jordon mcgrotty -lrb- born 10 february 1994 -rrb- is a professional footballer who is currently a free agent .
giuseppe francica-nava de bontifè -lrb- 23 july 1846 -- 7 december 1928 -rrb- was an italian cardinal of the catholic church who served as archbishop of catania from 1895 until his death , and was elevated to the cardinalate in 1899 .
luo xi ; -lrb- born december 1960 -rrb- is the vice president of the industrial and commercial bank of china -lrb- icbc -rrb- , one of the world 's largest banks by assets and market value .
bundit ungrangsee -lrb- ; , born december 7 , 1970 -rrb- is an international symphonic conductor .
walter raymond drake -lrb- 1913 -- 1989 -rrb- was a british disciple of charles fort and writer .
john michael `` red '' corriden -lrb- september 4 , 1887 -- september 28 , 1959 -rrb- was a player , coach , manager and scout in american major league baseball .
robert michael iler -lrb- born march 2 , 1985 -rrb- is an american actor , known for his portrayal of a.j. soprano on `` the sopranos '' which aired on hbo from 1999 to 2007 .
juan carlos Álvarez vega -lrb- born 2 may 1954 in el entrego , asturias -rrb- is a spanish retired football midfielder and manager .
ma lik , gbs , jp -lrb- b. 23 february 1952 , guangzhou , guangdong , china -- d. 8 august 2007 -rrb- , was a legislative councillor , and was the chairman of the democratic alliance for betterment of hong kong -lrb- dab -rrb- , a pro-beijing political party in hong kong .
françois le métel de boisrobert -lrb- 1 august 1592 -- 30 march 1662 -rrb- was a french poet , playwright , and courtier .
mark baguley -lrb- born 21 may 1987 -rrb- is a professional australian rules footballer , currently playing for the essendon football club in the australian football league -lrb- afl -rrb- .
jole fierro -lrb- 22 november 1926 - 27 march 1988 -rrb- was an italian actress .
houssem chemali -lrb- born 26 june 1991 in bordj bou arréridj -rrb- is an algerian footballer who plays for monza in the lega pro prima divisione .
samu wara -lrb- born 24 january 1986 in sydney -rrb- is an australian professional rugby union footballer .
manuel antônio Álvares de azevedo -lrb- september 12 , 1831 -- april 25 , 1852 -rrb- , affectionately called `` maneco '' by his close friends , relatives and admirers , was a brazilian romantic poet , short story writer , playwright and essayist , considered to be one of the major exponents of ultra-romanticism and gothic literature in brazil .
thambiah `` terry '' pathmanathan -lrb- born 9 february 1956 -rrb- is a former singapore international footballer who played as a defender .
cliff marshall -lrb- born 4 november 1955 -rrb- is a former professional association footballer who is best known for being the first black player to play for everton fc .
liu dianzuo -lrb- chinese : 刘殿座 ; pinyin : `` liú diànzuò '' ; born 26 june 1990 in dalian -rrb- is a chinese footballer who currently plays for guangzhou r&f in the chinese super league .
the warratahs are a band from wellington , new zealand .
harold herman raether -lrb- born october 10 , 1932 , at lake mills , wisconsin -rrb- , nicknamed `` bud '' , is an american former major league baseball pitcher .
william murray happer -lrb- born october 4 , 1972 -rrb- is an american professional wrestler and trainer , best known by his ring name otto schwanz .
sheila mae townsend -lrb- born october 2 , 1980 -rrb- is a canadian female professional basketball player .
tanya lacey -lrb- born 2 march 1986 -rrb- is a british recording artist , songwriter and composer .
al-sultana raadhafathi sri suvama abaarana mahaa rehendhi -lrb- dhivehi : އައްސުލްޠާނާ ރާދަފަތި ސިރީ ސުވަމަ އަބާރަނަ މަހާރެހެންދި -rrb- was the sultana -lrb- queen -rrb- of the maldives in 1380 .
ryan lindley -lrb- born june 22 , 1989 -rrb- is an american football quarterback for the new england patriots of the national football league -lrb- nfl -rrb- .
roberto la rocca -lrb- born 9 july 1991 -rrb- is a venezuelan racing driver .
thomas boberg -lrb- born 5 may 1960 in roskilde -rrb- is a danish poet and travel writer .
marguerite clark -lrb- february 22 , 1883 -- september 25 , 1940 -rrb- was an american stage and silent film actress .
tamsin cook -lrb- born 1998 -rrb- is an australian competitive swimmer who won the gold medal in the 400 meter freestyle at the 2015 fina world junior swimming championships in singapore in a new championships record .
ryan fisher -lrb- born 7 september 1983 in riverside , california -rrb- is an american international motorcycle speedway rider .
fannie lou hamer -lrb- ; born fannie lou townsend ; october 6 , 1917 -- march 14 , 1977 -rrb- was an american voting rights activist , civil rights leader , and philanthropist .
brian james `` b. j. '' symons -lrb- born november 19 , 1980 -rrb- is a former american football quarterback .
eduard pavlovich muzychuk -lrb- ; born february 14 , 1990 -rrb- is a russian professional football player .
gordon joseph reid -lrb- february 19 , 1910 -- november 12 , 1994 -rrb- was a professional ice hockey defenceman who played in one national hockey league game for the new york americans during the 1936 -- 37 nhl season .
anthony dean `` tony '' geary -lrb- born may 29 , 1947 -rrb- is an american actor .
michael scott kirkman -lrb- born september 18 , 1986 -rrb- is an american professional baseball pitcher who is currently a free agent .
rob harvey is a visual effects artist who has done visuals on period adventure films such as `` gladiator '' , `` troy '' and `` clash of the titans '' .
arvid mörne -lrb- born 6 may 1876 in kuopio , dead 15 june 1946 in kauniainen -rrb- was a finnish author and poet .
david sánchez badillo -lrb- born september 25 , 1977 -rrb- , better known as tempo , is a puerto rican rapper and songwriter .
judson `` jud '' gilbert ii -lrb- born january 22 , 1952 -rrb- was a member of the michigan legislature .
arshak sarkissian -lrb- -rrb- , is an armenian painter artist , born on december 26 , 1981 in the city of gyumri .
jan müller-wieland -lrb- born 30 march 1966 in hamburg -rrb- is a german composer and conductor of classical music and an academic teacher .
benjamin caine hollioake -lrb- 11 november 1977 -- 23 march 2002 -rrb- was a cricketer who played for surrey county cricket club and the england cricket team .
tamar the great -lrb- -rrb- -lrb- 1160 -- 18 january 1213 -rrb- reigned as queen regnant of georgia from 1184 to 1213 , presiding over the apex of the georgian golden age .
vice admiral sir peter maxwell compston kcb -lrb- 12 september 1915 -- 20 august 2000 -rrb- was a royal navy officer who became deputy supreme allied commander atlantic .
philip j. reed is a game designer who has worked primarily on role-playing games .
pierre-luc létourneau-leblond -lrb- born june 4 , 1985 -rrb- is a canadian professional ice hockey left winger who is currently with the wilkes-barre/scranton penguins of the american hockey league .
nigel worden -lrb- born 27 march 1955 -rrb- is professor of history and head of the historical studies department at the university of cape town , south africa .
samuel babson `` sam '' fuld -lrb- born november 20 , 1981 -rrb- is an american professional baseball outfielder for the oakland athletics of major league baseball .
william baker kinne -lrb- march 22 , 1874 -- october 1 , 1929 -rrb- was a republican politician from idaho .
kevin tillman -lrb- born january 24 , 1978 in san jose , california -rrb- is an american anti -- iraq war activist , a former u.s. army soldier and former minor league baseball second baseman .
nancy elizabeth prophet -lrb- march 19 , 1890 -- 1960 -rrb- was an american sculptor .
